// Jest Snapshot v1, https://goo.gl/fbAQLP

exports[`renders correctly 1`] = `
<div
  className="header-container"
>
  <div
    className="header-contents"
  >
    <button
      className="logo-button"
      onClick={[Function]}
      type="button"
    />
    <p
      className="back-button"
    />
  </div>
</div>
`;
